┌────────────────────────────────────┐
│   Flat Ticker                      │
│  streaming update sample           │
│                                    │
│    ticks: 3                        │
│    state: paused                   │
│                                    │
│  space/p pause | r reset | q quit  │
└────────────────────────────────────┘
