┌────────────────────────────────────┐
│   Flatte                           │
│  async list selection              │
│                                    │
│    loading models...               │
│                                    │
│  selected: none                    │
│  j/k move | enter select | q quit  │
└────────────────────────────────────┘
