┌──────────────────────────────────────────────┐
│   Flatte                                     │
│  async list selection                        │
│                                              │
│    haiku                                     │
│    sonnet                                    │
│  > opus (selected)                           │
│    freeform                                  │
│                                              │
│  selected: opus                              │
│  j/k or click/wheel | enter select | q quit  │
└──────────────────────────────────────────────┘
