┌────────────────────────────────────┐
│   Flatte                           │
│  async list selection              │
│                                    │
│    haiku                           │
│    sonnet                          │
│  > opus (selected)                 │
│    freeform                        │
│                                    │
│  selected: opus                    │
│  j/k move | enter select | q quit  │
└────────────────────────────────────┘
