┌──────────────────────────────────┐
│   Flat Pages                     │
│  multi-screen navigation sample  │
│                                  │
│    Open details                  │
│  > Open selected details         │
│    Settings                      │
│                                  │
│  j/k move | enter open | q quit  │
└──────────────────────────────────┘
[title Flatte — home]
