┌────────────────────────────────────────────┐
│   Settings                                 │
│  settings input is app-owned state         │
│                                            │
│    name: A▌da                              │
│                                            │
│  type edit | arrows move | enter/esc back  │
└────────────────────────────────────────────┘
