┌────────────────────────────────────────────┐
│   Settings                                 │
│  settings input is app-owned state         │
│                                            │
│    name: Ada                               │
│                                            │
│  type edit | arrows move | enter/esc back  │
└────────────────────────────────────────────┘
[cursor 12,4]
[title Flatte — settings]
