┌──────────────────────────────────────────────────────────────────────┐
│   Flat Progress                                                      │
│  horizontal loader sample                                            │
│                                                                      │
│    ░░░░░░░░░░░░░░░░░░░░░░░░░░░░░░░░░░░░░░░░░░░░░░░░░░░░░░░░░░    0%  │
│    state: running                                                    │
│                                                                      │
│  space pause | r reset | q quit                                      │
└──────────────────────────────────────────────────────────────────────┘
───
┌──────────────────────────────────────────────────────────────────────┐
│   Flat Progress                                                      │
│  horizontal loader sample                                            │
│                                                                      │
│    ██████░░░░░░░░░░░░░░░░░░░░░░░░░░░░░░░░░░░░░░░░░░░░░░░░░░░░   10%  │
│    state: running                                                    │
│                                                                      │
│  space pause | r reset | q quit                                      │
└──────────────────────────────────────────────────────────────────────┘
───
┌──────────────────────────────────────────────────────────────────────┐
│   Flat Progress                                                      │
│  horizontal loader sample                                            │
│                                                                      │
│    ███████████████████████░░░░░░░░░░░░░░░░░░░░░░░░░░░░░░░░░░░   40%  │
│    state: running                                                    │
│                                                                      │
│  space pause | r reset | q quit                                      │
└──────────────────────────────────────────────────────────────────────┘
───
┌──────────────────────────────────────────────────────────────────────┐
│   Flat Progress                                                      │
│  horizontal loader sample                                            │
│                                                                      │
│    ███████████████████████░░░░░░░░░░░░░░░░░░░░░░░░░░░░░░░░░░░   40%  │
│    state: paused                                                     │
│                                                                      │
│  space pause | r reset | q quit                                      │
└──────────────────────────────────────────────────────────────────────┘
───
┌──────────────────────────────────────────────────────────────────────┐
│   Flat Progress                                                      │
│  horizontal loader sample                                            │
│                                                                      │
│    ░░░░░░░░░░░░░░░░░░░░░░░░░░░░░░░░░░░░░░░░░░░░░░░░░░░░░░░░░░    0%  │
│    state: paused                                                     │
│                                                                      │
│  space pause | r reset | q quit                                      │
└──────────────────────────────────────────────────────────────────────┘
