┌─────────────────────────────┐
│   Flat Spinner              │
│  activity indicator sample  │
│                             │
│    ⠋  working...            │
│                             │
│  q quit                     │
└─────────────────────────────┘
───
┌─────────────────────────────┐
│   Flat Spinner              │
│  activity indicator sample  │
│                             │
│    ⠙  working...            │
│                             │
│  q quit                     │
└─────────────────────────────┘
───
┌─────────────────────────────┐
│   Flat Spinner              │
│  activity indicator sample  │
│                             │
│    ⠹  working...            │
│                             │
│  q quit                     │
└─────────────────────────────┘
───
┌─────────────────────────────┐
│   Flat Spinner              │
│  activity indicator sample  │
│                             │
│    ⠼  working...            │
│                             │
│  q quit                     │
└─────────────────────────────┘
