┌────────────────────────────────────────────────────────┐
│   Flat Form                                            │
│  multi-input retained state sample                     │
│                                                        │
│  > name: Ada                                           │
│    filter: op                                          │
│                                                        │
│    name=Ada filter=op                                  │
│                                                        │
│  tab focus | arrows move | esc blur | q quits blurred  │
└────────────────────────────────────────────────────────┘
[cursor 12,4]
