  1 containers     2 images     3 volumes                                 
━━━━━━━━━━━━━━━━━━━━━━━━━━━━━━━━━━━━━━━━━━━━━━━━━━━━━━━━━━━━━━━━━━━━━━━━━━━━━━━━
╭──────────────╮│╭────────────────────────────────────╮│╭──────────────────────╮
│filter: (all) │││nginx-proxy                         │││activity              │
│              │││  stats    logs    inspect    │││                      │
│●> nginx-     │││                                    │││(no events yet)       │
│proxy         │││  status: running                   │││                      │
│●  api-server │││  image:  nginx:1.25                │││                      │
│●  postgres   │││                                    │││                      │
│●  redis-     │││  CPU ████████████░░░░░░░   63%     │││                      │
│cache         │││  hist (no history)                 │││                      │
│○  frontend   │││                                    │││                      │
│●  worker     │││  MEM ███████░░░░░░░░░░░░   35%     │││                      │
│●  nginx-web  │││  hist (no history)                 │││                      │
│○  migration  │││                                    │││                      │
│              │││                                    │││                      │
│              │││                                    │││                      │
│              │││                                    │││                      │
│              │││                                    │││                      │
│              │││                                    │││                      │
╰──────────────╯│╰────────────────────────────────────╯│╰──────────────────────╯
 8 containers (6 running)  avg CPU  0%  avg MEM  0%  filter: (all)              
━━━━━━━━━━━━━━━━━━━━━━━━━━━━━━━━━━━━━━━━━━━━━━━━━━━━━━━━━━━━━━━━━━━━━━━━━━━━━━━━
 j/k move  s stop  x remove  : command  tab next  1/2/3 switch  q quit 
[title flat-docker — containers]
