[1 containers]  2 images   3 volumes 
────────────────────────────────────────────────────────────────────────────────
filter: (all)               nginx-proxy                                         
                            [stats]  logs   inspect                             
●> nginx-proxy                                                                  
●  api-server                 status: running                                   
●  postgres                   image:  nginx:1.25                                
●  redis-cache                                                                  
○  frontend                   CPU ████████████████████████░░░░░░░░░░░░░░   63%  
●  worker                     MEM █████████████░░░░░░░░░░░░░░░░░░░░░░░░░   35%  
●  nginx-web                                                                    
○  migration                                                                    
────────────────────────────────────────────────────────────────────────────────
 j/k move  tab next  1/2/3 switch  q quit 
[title flat-docker — containers]
