 1 containers  [2 images]  3 volumes 
────────────────────────────────────────────────────────────────────────────────

  images screen
  body: 80 wide × 21 tall

  placeholder — task 2 adds real content
















────────────────────────────────────────────────────────────────────────────────
 images screen 
[title flat-docker — images]
