  1 containers     2 images     3 volumes                                 
━━━━━━━━━━━━━━━━━━━━━━━━━━━━━━━━━━━━━━━━━━━━━━━━━━━━━━━━━━━━━━━━━━━━━━━━━━━━━━━━
╭────────────────────────╮  ╭──────────────────────────────────────────────────╮
│volumes                 │  │data                                              │
│                        │  │                                                  │
│> data                  │  │  driver:     local                               │
│  config                │  │  mountpoint: /var/lib/docker/volumes/data/_data  │
│  logs                  │  │  size:       1.2GB                               │
│  cache                 │  │                                                  │
│  backups               │  │                                                  │
│                        │  │                                                  │
│                        │  │                                                  │
│                        │  │                                                  │
│                        │  │                                                  │
│                        │  │                                                  │
│                        │  │                                                  │
│                        │  │                                                  │
│                        │  │                                                  │
│                        │  │                                                  │
│                        │  │                                                  │
│                        │  │                                                  │
╰────────────────────────╯  ╰──────────────────────────────────────────────────╯
━━━━━━━━━━━━━━━━━━━━━━━━━━━━━━━━━━━━━━━━━━━━━━━━━━━━━━━━━━━━━━━━━━━━━━━━━━━━━━━━
 j/k move  tab next  1/2/3 switch  q quit 
[title flat-docker — volumes]
