  1 containers     2 images     3 volumes                                 
━━━━━━━━━━━━━━━━━━━━━━━━━━━━━━━━━━━━━━━━━━━━━━━━━━━━━━━━━━━━━━━━━━━━━━━━━━━━━━━━
╭─────────────────────────────────────╮│╭─────────────────────────────────────╮
│volumes                              │││data                                 │
│                                     │││                                     │
│> data                               │││  driver:     local                  │
│  config                             │││  mountpoint:                        │
│  logs                               │││/var/lib/docker/volumes/data/_data   │
│  cache                              │││  size:       1.2GB                  │
│  backups                            │││                                     │
│                                     │││                                     │
│                                     │││                                     │
│                                     │││                                     │
│                                     │││                                     │
│                                     │││                                     │
│                                     │││                                     │
│                                     │││                                     │
│                                     │││                                     │
│                                     │││                                     │
│                                     │││                                     │
│                                     │││                                     │
╰─────────────────────────────────────╯│╰─────────────────────────────────────╯
━━━━━━━━━━━━━━━━━━━━━━━━━━━━━━━━━━━━━━━━━━━━━━━━━━━━━━━━━━━━━━━━━━━━━━━━━━━━━━━━
 j/k move  tab next  1/2/3 switch  q quit 
[title flat-docker — volumes]
