╭─ SNAKE  score 0  lvl 1 ────────────────────────────╮╭─ STATS ────────────────╮
│                                                    ││                        │
│                                                    ││ score  0               │
│                                                    ││ high   0               │
│                                                    ││                        │
│                                                    ││ level  1 / 8           │
│                                                    ││ speed  220ms           │
│                                                    ││ length 3               │
│                                                    ││ state  playing         │
│                                                    ││                        │
│                                                    ││ ←↑↓→ move              │
│                                                    ││ wasd move              │
│                      ▓▓▓▓██                        ││ p pause                │
│                                                    ││ r restart              │
│                                                    ││ q quit                 │
│                                                    ││                        │
│                                                    ││                        │
│                                                    ││                        │
│                                                    ││                        │
│                                                    ││                        │
│                                                    ││                        │
│                                                    ││                        │
│                      ◆                             ││                        │
╰────────────────────────────────────────────────────╯╰────────────────────────╯
[title flat-game — level 1]
