╭─ SNAKE  score 0  lvl 1 ────────────────────────────╮╭─ STATS ────────────────╮
│                                                    ││                        │
│                                                    ││ score  0               │
│                                                    ││ high   0               │
│                                                    ││                        │
│                                                    ││ level  1 / 8           │
│                                                    ││ speed  220ms           │
│                                                    ││ length 3               │
│                      ╭─ PAUSED ───────────────────────╮tate  paused          │
│                      │                                │                      │
│                      │          game paused           │↑↓→ move              │
│                      │                                │asd move              │
│                      │       p resume   q quit        │ pause                │
│                      │                                │ restart              │
│                      ╰────────────────────────────────╯ quit                 │
│                                                    ││                        │
│                                                    ││                        │
│                                                    ││                        │
│                                                    ││                        │
│                                                    ││                        │
│                                                    ││                        │
│                                                    ││                        │
│                      ◆                             ││                        │
╰────────────────────────────────────────────────────╯╰────────────────────────╯
[title flat-game — paused]
