┌─────────────────────────┐
│   Flat Stream           │
│  flatte.Stream dogfood  │
│                         │
│    status: complete     │
│                         │
│    [info] queued        │
│    [ok] deployed        │
│                         │
│  c clear | q quit       │
└─────────────────────────┘
