flat
  const CursorShapeBar
  const CursorShapeBlock
  const CursorShapeDefault
  const CursorShapeUnderline
  const KeyBackspace
  const KeyCharacter
  const KeyCtrlC
  const KeyDelete
  const KeyDown
  const KeyEnter
  const KeyEscape
  const KeyLeft
  const KeyRight
  const KeyTab
  const KeyUnknown
  const KeyUp
  const ModAlt
  const ModCtrl
  const ModShift
  const MouseLeft
  const MouseMiddle
  const MouseModeAllMotion
  const MouseModeCellMotion
  const MouseModeNone
  const MouseMotion
  const MouseNone
  const MousePress
  const MouseRelease
  const MouseRight
  const MouseWheelDown
  const MouseWheelUp
  func ApplyUpdate
  func Async
  func Cancel
  func Every
  func Exec
  func Go
  func Latest
  func Named
  func NewEffects
  func NewHarnessEffects
  func RenderContextFor
  func Run
  func SelectFile
  func Stream
  func WithInline
  func WithInput
  func WithMouse
  func WithOutput
  func WithReportFocus
  func WithoutBracketedPaste
  func WithoutDefaultQuit
  method Effects.Print
  method Effects.Printf
  method Effects.Quit
  method Effects.ReadClipboard
  method Effects.SetClipboard
  method Effects.Suspend
  method Mod.Contains
  method NoopTracer.Event
  method NoopTracer.Update
  method UpdateTracer.Event
  method UpdateTracer.Update
  type App
  type ClipboardEvent
  type Clock
  type Cursor
  type CursorShape
  type CursorStyle
  type Effects
  type Event
  type FileSelection
  type FocusEvent
  type Frame
  type Key
  type KeyEvent
  type Mod
  type MouseAction
  type MouseButton
  type MouseEvent
  type MouseMode
  type NoopTracer
  type Option
  type PasteEvent
  type RenderContext
  type ResizeEvent
  type StateUpdate
  type Tracer
  type UpdateTracer
  var ErrNoSelection
flatui
  const KeyMapFull
  const KeyMapShort
  func Card
  func CardBodyHeight
  func CardBodyWidth
  func CardOrigin
  func CardWithStyle
  func ContentWidth
  func FrameWidth
  func NewProgress
  func NewSpinner
  func NewStopwatch
  func NewTimer
  func NewTree
  func Overlay
  func OverlayOrigin
  func Subtle
  func SubtleWithStyle
  func Title
  func TitleWithStyle
  method FocusRing.Count
  method FocusRing.Focused
  method FocusRing.Index
  method FocusRing.Next
  method FocusRing.Prev
  method FocusRing.Select
  method FocusRing.SetCount
  method KeyGroups.ViewWithOptions
  method KeyMap.View
  method List.Count
  method List.Cursor
  method List.MoveDown
  method List.MoveUp
  method List.Offset
  method List.Select
  method List.SetCount
  method List.SetHeight
  method List.View
  method Paginator.NextPage
  method Paginator.Page
  method Paginator.PageSize
  method Paginator.Pages
  method Paginator.PrevPage
  method Paginator.Range
  method Paginator.SelectPage
  method Paginator.SetPageSize
  method Paginator.SetTotal
  method Paginator.Total
  method Paginator.View
  method Progress.Percent
  method Progress.SetPercent
  method Progress.SetWidth
  method Progress.View
  method Progress.ViewWithStyle
  method Progress.Width
  method Rect.Contains
  method Rect.Local
  method Spinner.Frame
  method Spinner.Tick
  method Spinner.View
  method Stopwatch.Elapsed
  method Stopwatch.Reset
  method Stopwatch.Running
  method Stopwatch.Start
  method Stopwatch.Stop
  method Stopwatch.Tick
  method Stopwatch.Toggle
  method Table.Cursor
  method Table.Header
  method Table.HeaderWithStyle
  method Table.MoveDown
  method Table.MoveUp
  method Table.Select
  method Table.SelectedRow
  method Table.SetColumns
  method Table.SetHeight
  method Table.SetRows
  method Table.View
  method Table.ViewWithStyle
  method TextField.Backspace
  method TextField.ClearSelection
  method TextField.CursorColumn
  method TextField.Delete
  method TextField.DeleteWordLeft
  method TextField.DeleteWordRight
  method TextField.Insert
  method TextField.MoveLeft
  method TextField.MoveLeftSelecting
  method TextField.MoveRight
  method TextField.MoveRightSelecting
  method TextField.MoveWordLeft
  method TextField.MoveWordLeftSelecting
  method TextField.MoveWordRight
  method TextField.MoveWordRightSelecting
  method TextField.SelectedText
  method TextField.Selection
  method TextField.SetCursor
  method Textarea.Backspace
  method Textarea.ClearSelection
  method Textarea.Col
  method Textarea.CursorCell
  method Textarea.Delete
  method Textarea.DeleteWordLeft
  method Textarea.DeleteWordRight
  method Textarea.Insert
  method Textarea.InsertNewline
  method Textarea.MoveDown
  method Textarea.MoveDownSelecting
  method Textarea.MoveLeft
  method Textarea.MoveLeftSelecting
  method Textarea.MoveRight
  method Textarea.MoveRightSelecting
  method Textarea.MoveUp
  method Textarea.MoveUpSelecting
  method Textarea.MoveWordLeft
  method Textarea.MoveWordLeftSelecting
  method Textarea.MoveWordRight
  method Textarea.MoveWordRightSelecting
  method Textarea.Offset
  method Textarea.Row
  method Textarea.SelectedText
  method Textarea.Selection
  method Textarea.SetSize
  method Textarea.SetSoftWrap
  method Textarea.SetValue
  method Textarea.SoftWrap
  method Textarea.Value
  method Textarea.View
  method Textarea.ViewWithSelection
  method Timer.Done
  method Timer.Duration
  method Timer.Elapsed
  method Timer.Percent
  method Timer.Remaining
  method Timer.Reset
  method Timer.Tick
  method Tree.CursorID
  method Tree.MoveDown
  method Tree.MoveUp
  method Tree.Offset
  method Tree.SelectVisible
  method Tree.SetHeight
  method Tree.SetNodes
  method Tree.Toggle
  method Tree.View
  method Tree.VisibleRows
  method Viewport.AtBottom
  method Viewport.AtTop
  method Viewport.GotoBottom
  method Viewport.GotoTop
  method Viewport.HalfPageDown
  method Viewport.HalfPageUp
  method Viewport.LineDown
  method Viewport.LineUp
  method Viewport.Offset
  method Viewport.PageDown
  method Viewport.PageUp
  method Viewport.ScrollPercent
  method Viewport.ScrollToLine
  method Viewport.SetContent
  method Viewport.SetLines
  method Viewport.SetSize
  method Viewport.SetWrappedContent
  method Viewport.TotalLines
  method Viewport.View
  method Viewport.VisibleLines
  method ZoneMap.At
  method ZoneMap.Clear
  method ZoneMap.In
  method ZoneMap.Local
  method ZoneMap.Rect
  method ZoneMap.Set
  type CardStyle
  type Column
  type FocusRing
  type KeyBinding
  type KeyGroup
  type KeyGroups
  type KeyMap
  type KeyMapMode
  type KeyMapOptions
  type List
  type Paginator
  type Progress
  type ProgressStyle
  type Rect
  type Spinner
  type Stopwatch
  type Table
  type TableStyle
  type TextField
  type TextPosition
  type TextRange
  type Textarea
  type Timer
  type Tree
  type TreeNode
  type TreeRow
  type Viewport
  type ZoneMap
  var SpinnerDots
  var SpinnerLine
flatest
  func AssertFrames
  func AssertGolden
  func AssertGoldenFrame
  func CleanFrame
  func Frames
  func RenderFrame
  func Replay
  func Start
  method Driver.Advance
  method Driver.Frame
  method Driver.Quit
  method Driver.Send
  method Driver.Settle
  method Driver.State
  method Recorder.Event
  method Recorder.Events
  method Recorder.Update
  method Recorder.Updates
  type Driver
  type Recorder
  type Step
