flat
  const KeyBackspace
  const KeyCharacter
  const KeyCtrlC
  const KeyDelete
  const KeyDown
  const KeyEnter
  const KeyEscape
  const KeyLeft
  const KeyRight
  const KeyTab
  const KeyUnknown
  const KeyUp
  const ModAlt
  const ModCtrl
  const ModShift
  const MouseLeft
  const MouseMiddle
  const MouseModeAllMotion
  const MouseModeCellMotion
  const MouseModeNone
  const MouseMotion
  const MouseNone
  const MousePress
  const MouseRelease
  const MouseRight
  const MouseWheelDown
  const MouseWheelUp
  func ApplyUpdate
  func Async
  func Cancel
  func Every
  func Exec
  func Go
  func Latest
  func Named
  func NewEffects
  func NewHarnessEffects
  func RenderContextFor
  func Run
  func Stream
  func WithInline
  func WithInput
  func WithMouse
  func WithOutput
  func WithReportFocus
  func WithoutBracketedPaste
  func WithoutDefaultQuit
  method Effects.Print
  method Effects.Printf
  method Effects.Quit
  method Effects.ReadClipboard
  method Effects.SetClipboard
  method Effects.Suspend
  method Mod.Contains
  method NoopTracer.Event
  method NoopTracer.Update
  method UpdateTracer.Event
  method UpdateTracer.Update
  type App
  type ClipboardEvent
  type Clock
  type Cursor
  type Effects
  type Event
  type FocusEvent
  type Frame
  type Key
  type KeyEvent
  type Mod
  type MouseAction
  type MouseButton
  type MouseEvent
  type MouseMode
  type NoopTracer
  type Option
  type PasteEvent
  type RenderContext
  type ResizeEvent
  type StateUpdate
  type Tracer
  type UpdateTracer
flatui
  func Card
  func CardBodyHeight
  func CardBodyWidth
  func CardOrigin
  func ContentWidth
  func FrameWidth
  func NewProgress
  func NewSpinner
  func Overlay
  func OverlayOrigin
  func Subtle
  func Title
  method List.Count
  method List.Cursor
  method List.MoveDown
  method List.MoveUp
  method List.Offset
  method List.Select
  method List.SetCount
  method List.SetHeight
  method List.View
  method Progress.Percent
  method Progress.SetPercent
  method Progress.SetWidth
  method Progress.View
  method Progress.Width
  method Spinner.Frame
  method Spinner.Tick
  method Spinner.View
  method Table.Cursor
  method Table.Header
  method Table.MoveDown
  method Table.MoveUp
  method Table.Select
  method Table.SelectedRow
  method Table.SetColumns
  method Table.SetHeight
  method Table.SetRows
  method Table.View
  method TextField.Backspace
  method TextField.ClearSelection
  method TextField.CursorColumn
  method TextField.Delete
  method TextField.DeleteWordLeft
  method TextField.DeleteWordRight
  method TextField.Insert
  method TextField.MoveLeft
  method TextField.MoveLeftSelecting
  method TextField.MoveRight
  method TextField.MoveRightSelecting
  method TextField.MoveWordLeft
  method TextField.MoveWordLeftSelecting
  method TextField.MoveWordRight
  method TextField.MoveWordRightSelecting
  method TextField.SelectedText
  method TextField.Selection
  method TextField.SetCursor
  method Textarea.Backspace
  method Textarea.ClearSelection
  method Textarea.Col
  method Textarea.CursorCell
  method Textarea.Delete
  method Textarea.DeleteWordLeft
  method Textarea.DeleteWordRight
  method Textarea.Insert
  method Textarea.InsertNewline
  method Textarea.MoveDown
  method Textarea.MoveDownSelecting
  method Textarea.MoveLeft
  method Textarea.MoveLeftSelecting
  method Textarea.MoveRight
  method Textarea.MoveRightSelecting
  method Textarea.MoveUp
  method Textarea.MoveUpSelecting
  method Textarea.MoveWordLeft
  method Textarea.MoveWordLeftSelecting
  method Textarea.MoveWordRight
  method Textarea.MoveWordRightSelecting
  method Textarea.Offset
  method Textarea.Row
  method Textarea.SelectedText
  method Textarea.Selection
  method Textarea.SetSize
  method Textarea.SetValue
  method Textarea.Value
  method Textarea.View
  method Textarea.ViewWithSelection
  method Viewport.AtBottom
  method Viewport.AtTop
  method Viewport.GotoBottom
  method Viewport.GotoTop
  method Viewport.HalfPageDown
  method Viewport.HalfPageUp
  method Viewport.LineDown
  method Viewport.LineUp
  method Viewport.Offset
  method Viewport.PageDown
  method Viewport.PageUp
  method Viewport.ScrollPercent
  method Viewport.ScrollToLine
  method Viewport.SetContent
  method Viewport.SetLines
  method Viewport.SetSize
  method Viewport.SetWrappedContent
  method Viewport.TotalLines
  method Viewport.View
  method Viewport.VisibleLines
  type Column
  type List
  type Progress
  type Spinner
  type Table
  type TextField
  type TextPosition
  type TextRange
  type Textarea
  type Viewport
  var SpinnerDots
  var SpinnerLine
flatest
  func AssertFrames
  func AssertGolden
  func AssertGoldenFrame
  func CleanFrame
  func Frames
  func RenderFrame
  func Replay
  func Start
  method Driver.Advance
  method Driver.Frame
  method Driver.Quit
  method Driver.Send
  method Driver.Settle
  method Driver.State
  method Recorder.Event
  method Recorder.Events
  method Recorder.Update
  method Recorder.Updates
  type Driver
  type Recorder
  type Step
